// Jest Snapshot v1, https://goo.gl/fbAQLP

exports[`AboutView.vue matches snapshot 1`] = `
"<div class="about">
  <h1>About Us</h1>
  <p>This is the About page.</p>
</div>"
`;
